// Jest Snapshot v1, https://goo.gl/fbAQLP

exports[`Checks header component renders correctly 1`] = `
<header
  className="sc-gtssRu ixWDGw"
>
  <a
    aria-current="page"
    className="sc-gKAblj cxXkRZ active"
    href="/"
    onClick={[Function]}
    style={Object {}}
  >
    <img
      alt="elements-logo.svg"
      className="sc-eCApGN kjxHVm"
      src="elements-logo.svg"
    />
  </a>
  <nav
    className="sc-bdnylx lnmxJh"
  >
    <ul
      className="sc-dlnjPT hTAPrA"
    >
      <li
        className="sc-hKFyIo jpiKoV"
        data-testid="search"
      >
        <a
          aria-current={null}
          className="sc-gKAblj cxXkRZ"
          href="/search/javascript"
          onClick={[Function]}
        >
          Search
        </a>
      </li>
      <li
        className="sc-hKFyIo jpiKoV"
        data-testid="howitworks"
      >
        <a
          className="sc-jSFkmK fFLOBj"
          href="/#how-it-works"
          onClick={[Function]}
        >
          How it works
        </a>
      </li>
      <li
        className="sc-hKFyIo jpiKoV"
        data-testid="about"
      >
        <a
          className="sc-jSFkmK fFLOBj"
          href="/#about"
          onClick={[Function]}
        >
          About
        </a>
      </li>
    </ul>
  </nav>
</header>
`;
